#!/bin/sh
#
#  Copyright 1999-2013 ImageMagick Studio LLC, a non-profit organization
#  dedicated to making software imaging solutions freely available.
#
#  You may not use this file except in compliance with the License.  You may
#  obtain a copy of the License at
#
#    http://www.imagemagick.org/script/license.php
#
#  Unless required by applicable law or agreed to in writing, software
#  distributed under the License is distributed on an "AS IS" BASIS,
#  WITHOUT WARRANTIES OR CONDITIONS OF ANY KIND, either express or implied.
#  See the License for the specific language governing permissions and
#  limitations under the License.
#
#  Test for 'validate' utility.
#
set -e # Exit on any error
[ "X$srcdir" = "X" ] && srcdir=`pwd`
. ${srcdir}/tests/common.shi
echo "1..8"

${CONVERT} pnm:- 'null:' < ${SRCDIR}/rose.pnm && echo "ok" || echo "not ok"
${CONVERT} pnm:- miff:-  < ${SRCDIR}/rose.pnm | ${IDENTIFY} - && echo "ok" || echo "not ok"
${CONVERT} pnm:- -  < ${SRCDIR}/rose.pnm | ${IDENTIFY} - && echo "ok" || echo "not ok"
${CONVERT} - 'null:' < ${SRCDIR}/rose.pnm && echo "ok" || echo "not ok"
${CONVERT} - miff:-  < ${SRCDIR}/rose.pnm | ${IDENTIFY} - && echo "ok" || echo "not ok"
${CONVERT} - -  < ${SRCDIR}/rose.pnm | ${IDENTIFY} - && echo "ok" || echo "not ok"
${CONVERT} ${SRCDIR}/rose.pnm - | ${IDENTIFY} - && echo "ok" || echo "not ok"
${CONVERT} ${SRCDIR}/rose.pnm miff:- | ${IDENTIFY} - && echo "ok" || echo "not ok"

